Godot Engine v4.7.2.stable.official.ed1daf0bf - https://godotengine.org

WARNING: Adding 'MainArm' as child to 'M4A1' will make owner 'rifle' inconsistent. Consider unsetting the owner beforehand.
   at: add_child (scene/main/node.cpp:1728)
   GDScript backtrace (most recent call first):
       [0] make (res://scripts/weapons.gd:17)
       [1] build_viewmodel (res://scripts/player.gd:67)
       [2] _ready (res://scripts/player.gd:52)
       [3] _ready (res://scripts/game.gd:51)
WARNING: Adding 'SupportArm' as child to 'M4A1' will make owner 'rifle' inconsistent. Consider unsetting the owner beforehand.
   at: add_child (scene/main/node.cpp:1728)
   GDScript backtrace (most recent call first):
       [0] make (res://scripts/weapons.gd:17)
       [1] build_viewmodel (res://scripts/player.gd:67)
       [2] _ready (res://scripts/player.gd:52)
       [3] _ready (res://scripts/game.gd:51)
WARNING: Adding 'MainArm' as child to 'AWP' will make owner 'rifle' inconsistent. Consider unsetting the owner beforehand.
   at: add_child (scene/main/node.cpp:1728)
   GDScript backtrace (most recent call first):
       [0] make (res://scripts/weapons.gd:17)
       [1] build_viewmodel (res://scripts/player.gd:67)
       [2] _ready (res://scripts/player.gd:52)
       [3] _ready (res://scripts/game.gd:51)
WARNING: Adding 'SupportArm' as child to 'AWP' will make owner 'rifle' inconsistent. Consider unsetting the owner beforehand.
   at: add_child (scene/main/node.cpp:1728)
   GDScript backtrace (most recent call first):
       [0] make (res://scripts/weapons.gd:17)
       [1] build_viewmodel (res://scripts/player.gd:67)
       [2] _ready (res://scripts/player.gd:52)
       [3] _ready (res://scripts/game.gd:51)
WARNING: Adding 'MainArm' as child to 'M4A1' will make owner 'rifle' inconsistent. Consider unsetting the owner beforehand.
   at: add_child (scene/main/node.cpp:1728)
   GDScript backtrace (most recent call first):
       [0] make (res://scripts/weapons.gd:17)
       [1] set_team_appearance (res://scripts/bot.gd:90)
       [2] start (res://scripts/game.gd:88)
       [3] smoke_check (res://scripts/game.gd:366)
WARNING: Adding 'SupportArm' as child to 'M4A1' will make owner 'rifle' inconsistent. Consider unsetting the owner beforehand.
   at: add_child (scene/main/node.cpp:1728)
   GDScript backtrace (most recent call first):
       [0] make (res://scripts/weapons.gd:17)
       [1] set_team_appearance (res://scripts/bot.gd:90)
       [2] start (res://scripts/game.gd:88)
       [3] smoke_check (res://scripts/game.gd:366)
WARNING: Adding 'MainArm' as child to 'M4A1' will make owner 'rifle' inconsistent. Consider unsetting the owner beforehand.
   at: add_child (scene/main/node.cpp:1728)
   GDScript backtrace (most recent call first):
       [0] make (res://scripts/weapons.gd:17)
       [1] set_team_appearance (res://scripts/bot.gd:90)
       [2] start (res://scripts/game.gd:88)
       [3] smoke_check (res://scripts/game.gd:366)
WARNING: Adding 'SupportArm' as child to 'M4A1' will make owner 'rifle' inconsistent. Consider unsetting the owner beforehand.
   at: add_child (scene/main/node.cpp:1728)
   GDScript backtrace (most recent call first):
       [0] make (res://scripts/weapons.gd:17)
       [1] set_team_appearance (res://scripts/bot.gd:90)
       [2] start (res://scripts/game.gd:88)
       [3] smoke_check (res://scripts/game.gd:366)
WARNING: Adding 'MainArm' as child to 'M4A1' will make owner 'rifle' inconsistent. Consider unsetting the owner beforehand.
   at: add_child (scene/main/node.cpp:1728)
   GDScript backtrace (most recent call first):
       [0] make (res://scripts/weapons.gd:17)
       [1] set_team_appearance (res://scripts/bot.gd:90)
       [2] start (res://scripts/game.gd:88)
       [3] smoke_check (res://scripts/game.gd:366)
WARNING: Adding 'SupportArm' as child to 'M4A1' will make owner 'rifle' inconsistent. Consider unsetting the owner beforehand.
   at: add_child (scene/main/node.cpp:1728)
   GDScript backtrace (most recent call first):
       [0] make (res://scripts/weapons.gd:17)
       [1] set_team_appearance (res://scripts/bot.gd:90)
       [2] start (res://scripts/game.gd:88)
       [3] smoke_check (res://scripts/game.gd:366)
WARNING: Adding 'MainArm' as child to 'M4A1' will make owner 'rifle' inconsistent. Consider unsetting the owner beforehand.
   at: add_child (scene/main/node.cpp:1728)
   GDScript backtrace (most recent call first):
       [0] make (res://scripts/weapons.gd:17)
       [1] set_team_appearance (res://scripts/bot.gd:90)
       [2] start (res://scripts/game.gd:88)
       [3] smoke_check (res://scripts/game.gd:366)
WARNING: Adding 'SupportArm' as child to 'M4A1' will make owner 'rifle' inconsistent. Consider unsetting the owner beforehand.
   at: add_child (scene/main/node.cpp:1728)
   GDScript backtrace (most recent call first):
       [0] make (res://scripts/weapons.gd:17)
       [1] set_team_appearance (res://scripts/bot.gd:90)
       [2] start (res://scripts/game.gd:88)
       [3] smoke_check (res://scripts/game.gd:366)
WARNING: Adding 'MainArm' as child to 'M4A1' will make owner 'rifle' inconsistent. Consider unsetting the owner beforehand.
   at: add_child (scene/main/node.cpp:1728)
   GDScript backtrace (most recent call first):
       [0] make (res://scripts/weapons.gd:17)
       [1] set_team_appearance (res://scripts/bot.gd:90)
       [2] start (res://scripts/game.gd:88)
       [3] smoke_check (res://scripts/game.gd:366)
WARNING: Adding 'SupportArm' as child to 'M4A1' will make owner 'rifle' inconsistent. Consider unsetting the owner beforehand.
   at: add_child (scene/main/node.cpp:1728)
   GDScript backtrace (most recent call first):
       [0] make (res://scripts/weapons.gd:17)
       [1] set_team_appearance (res://scripts/bot.gd:90)
       [2] start (res://scripts/game.gd:88)
       [3] smoke_check (res://scripts/game.gd:366)
SMOKE_OK actors=10 T=5 CT=5 phase=freeze
